.........                                                                [100%]
============================== warnings summary ===============================
app\database.py:19
  C:\Users\Aditya\OneDrive\Desktop\assign\Unthinkableassignment\app\database.py:19: MovedIn20Warning: The ``declarative_base()`` function is now available as sqlalchemy.orm.declarative_base(). (deprecated since: 2.0) (Background on SQLAlchemy 2.0 at: https://sqlalche.me/e/b8d9)
    Base = declarative_base()

tests/test_main.py: 37 warnings
  C:\Users\Aditya\OneDrive\Desktop\assign\Unthinkableassignment\.venv\Lib\site-packages\sqlalchemy\sql\schema.py:3624: DeprecationWarning: datetime.datetime.utcnow() is deprecated and scheduled for removal in a future version. Use timezone-aware objects to represent datetimes in UTC: datetime.datetime.now(datetime.UTC).
    return util.wrap_callable(lambda ctx: fn(), fn)  # type: ignore

-- Docs: https://docs.pytest.org/en/stable/how-to/capture-warnings.html
- generated xml file: C:\Users\Aditya\OneDrive\Desktop\assign\Unthinkableassignment\reports\junit.xml -
9 passed, 38 warnings in 2.01s
